#
# There is insufficient memory for the Java Runtime Environment to continue.
# Native memory allocation (mmap) failed to map 12582912 bytes for G1 virtual space
# Possible reasons:
#   The system is out of physical RAM or swap space
#   The process is running with CompressedOops enabled, and the Java Heap may be blocking the growth of the native heap
# Possible solutions:
#   Reduce memory load on the system
#   Increase physical memory or swap space
#   Check if swap backing store is full
#   Decrease Java heap size (-Xmx/-Xms)
#   Decrease number of Java threads
#   Decrease Java thread stack sizes (-Xss)
#   Set larger code cache with -XX:ReservedCodeCacheSize=
#   JVM is running with Unscaled Compressed Oops mode in which the Java heap is
#     placed in the first 4GB address space. The Java Heap base address is the
#     maximum limit for the native heap growth. Please use -XX:HeapBaseMinAddress
#     to set the Java Heap base and to place the Java Heap above 4GB virtual address.
# This output file may be truncated or incomplete.
#
#  Out of Memory Error (os_windows.cpp:3600), pid=19052, tid=17720
#
# JRE version: Java(TM) SE Runtime Environment (21.0.4+8) (build 21.0.4+8-LTS-274)
# Java VM: Java HotSpot(TM) 64-Bit Server VM (21.0.4+8-LTS-274, mixed mode, emulated-client, sharing, tiered, compressed oops, compressed class ptrs, g1 gc, windows-amd64)
# No core dump will be written. Minidumps are not enabled by default on client versions of Windows
#

---------------  S U M M A R Y ------------

Command Line: -XX:TieredStopAtLevel=1 -Dspring.output.ansi.enabled=always -Dcom.sun.management.jmxremote -Dspring.jmx.enabled=true -Dspring.liveBeansView.mbeanDomain -Dspring.application.admin.enabled=true -Dmanagement.endpoints.jmx.exposure.include=* -javaagent:C:\Program Files\JetBrains\IntelliJ IDEA 2025.2.1\lib\idea_rt.jar=57575 -Dfile.encoding=UTF-8 -Dsun.stdout.encoding=UTF-8 -Dsun.stderr.encoding=UTF-8 com.example.Project0fCourse.Project0fCourseApplication

Host: 11th Gen Intel(R) Core(TM) i5-11400H @ 2.70GHz, 12 cores, 7G,  Windows 11 , 64 bit Build 26100 (10.0.26100.4768)
Time: Sat Aug 30 08:33:18 2025 SE Asia Standard Time elapsed time: 8.804328 seconds (0d 0h 0m 8s)

---------------  T H R E A D  ---------------

Current thread (0x0000028922e02860):  VMThread "VM Thread"          [id=17720, stack(0x000000ac31600000,0x000000ac31700000) (1024K)]

Stack: [0x000000ac31600000,0x000000ac31700000]
Native frames: (J=compiled Java code, j=interpreted, Vv=VM code, C=native code)
V  [jvm.dll+0x6c8e59]
V  [jvm.dll+0x853181]
V  [jvm.dll+0x8556ae]
V  [jvm.dll+0x855d83]
V  [jvm.dll+0x27d526]
V  [jvm.dll+0x6c55f5]
V  [jvm.dll+0x6ba17a]
V  [jvm.dll+0x352a8a]
V  [jvm.dll+0x35a6e6]
V  [jvm.dll+0x3acdae]
V  [jvm.dll+0x3ad058]
V  [jvm.dll+0x326dec]
V  [jvm.dll+0x326e77]
V  [jvm.dll+0x36b75c]
V  [jvm.dll+0x369fae]
V  [jvm.dll+0x3265b1]
V  [jvm.dll+0x3696ca]
V  [jvm.dll+0x85bb50]
V  [jvm.dll+0x85ced4]
V  [jvm.dll+0x85d410]
V  [jvm.dll+0x85d6b3]
V  [jvm.dll+0x7fd65b]
V  [jvm.dll+0x6c753d]
C  [ucrtbase.dll+0x37b0]
C  [KERNEL32.DLL+0x2e8d7]
C  [ntdll.dll+0x3c34c]

VM_Operation (0x000000ac30ffca50): G1CollectForAllocation, mode: safepoint, requested by thread 0x000002890ffe3f00


---------------  P R O C E S S  ---------------

Threads class SMR info:
_java_thread_list=0x0000028969f6cfd0, length=22, elements={
0x000002890ffe3f00, 0x0000028922e1e500, 0x0000028922e1ff70, 0x0000028922e22540,
0x0000028922e25210, 0x0000028922e26ed0, 0x0000028922e2bd20, 0x0000028968030fa0,
0x0000028922e288a0, 0x00000289680b62c0, 0x00000289680b6970, 0x0000028922e29c50,
0x0000028922e2a970, 0x000002896859d380, 0x0000028922e28f30, 0x0000028922e2a2e0,
0x0000028922e2b000, 0x0000028922e295c0, 0x0000028969f3e180, 0x0000028969f3e810,
0x0000028969f3f530, 0x0000028969f3fbc0
}

Java Threads: ( => current thread )
  0x000002890ffe3f00 JavaThread "main"                              [_thread_blocked, id=9284, stack(0x000000ac30f00000,0x000000ac31000000) (1024K)]
  0x0000028922e1e500 JavaThread "Reference Handler"          daemon [_thread_blocked, id=1412, stack(0x000000ac31700000,0x000000ac31800000) (1024K)]
  0x0000028922e1ff70 JavaThread "Finalizer"                  daemon [_thread_blocked, id=6104, stack(0x000000ac31800000,0x000000ac31900000) (1024K)]
  0x0000028922e22540 JavaThread "Signal Dispatcher"          daemon [_thread_blocked, id=11008, stack(0x000000ac31900000,0x000000ac31a00000) (1024K)]
  0x0000028922e25210 JavaThread "Attach Listener"            daemon [_thread_blocked, id=16996, stack(0x000000ac31a00000,0x000000ac31b00000) (1024K)]
  0x0000028922e26ed0 JavaThread "Service Thread"             daemon [_thread_blocked, id=9416, stack(0x000000ac31b00000,0x000000ac31c00000) (1024K)]
  0x0000028922e2bd20 JavaThread "Monitor Deflation Thread"   daemon [_thread_blocked, id=10256, stack(0x000000ac31c00000,0x000000ac31d00000) (1024K)]
  0x0000028968030fa0 JavaThread "C1 CompilerThread0"         daemon [_thread_blocked, id=6532, stack(0x000000ac31d00000,0x000000ac31e00000) (1024K)]
  0x0000028922e288a0 JavaThread "Common-Cleaner"             daemon [_thread_blocked, id=17152, stack(0x000000ac31e00000,0x000000ac31f00000) (1024K)]
  0x00000289680b62c0 JavaThread "C1 CompilerThread1"         daemon [_thread_blocked, id=12556, stack(0x000000ac31f00000,0x000000ac32000000) (1024K)]
  0x00000289680b6970 JavaThread "C1 CompilerThread2"         daemon [_thread_blocked, id=17348, stack(0x000000ac32000000,0x000000ac32100000) (1024K)]
  0x0000028922e29c50 JavaThread "Monitor Ctrl-Break"         daemon [_thread_in_native, id=6644, stack(0x000000ac32100000,0x000000ac32200000) (1024K)]
  0x0000028922e2a970 JavaThread "Notification Thread"        daemon [_thread_blocked, id=12968, stack(0x000000ac32200000,0x000000ac32300000) (1024K)]
  0x000002896859d380 JavaThread "C1 CompilerThread3"         daemon [_thread_blocked, id=4380, stack(0x000000ac32300000,0x000000ac32400000) (1024K)]
  0x0000028922e28f30 JavaThread "RMI TCP Accept-0"           daemon [_thread_in_native, id=1560, stack(0x000000ac32400000,0x000000ac32500000) (1024K)]
  0x0000028922e2a2e0 JavaThread "RMI TCP Connection(1)-127.0.0.1" daemon [_thread_blocked, id=17256, stack(0x000000ac32500000,0x000000ac32600000) (1024K)]
  0x0000028922e2b000 JavaThread "RMI Scheduler(0)"           daemon [_thread_blocked, id=18800, stack(0x000000ac32600000,0x000000ac32700000) (1024K)]
  0x0000028922e295c0 JavaThread "JMX server connection timeout 26" daemon [_thread_blocked, id=9300, stack(0x000000ac32700000,0x000000ac32800000) (1024K)]
  0x0000028969f3e180 JavaThread "RMI TCP Connection(2)-127.0.0.1" daemon [_thread_blocked, id=9380, stack(0x000000ac33200000,0x000000ac33300000) (1024K)]
  0x0000028969f3e810 JavaThread "Catalina-utility-1"                [_thread_blocked, id=19288, stack(0x000000ac33400000,0x000000ac33500000) (1024K)]
  0x0000028969f3f530 JavaThread "Catalina-utility-2"                [_thread_blocked, id=8156, stack(0x000000ac33500000,0x000000ac33600000) (1024K)]
  0x0000028969f3fbc0 JavaThread "container-0"                       [_thread_blocked, id=16120, stack(0x000000ac33600000,0x000000ac33700000) (1024K)]
Total: 22

Other Threads:
=>0x0000028922e02860 VMThread "VM Thread"                           [id=17720, stack(0x000000ac31600000,0x000000ac31700000) (1024K)]
  0x0000028922deac30 WatcherThread "VM Periodic Task Thread"        [id=9328, stack(0x000000ac31500000,0x000000ac31600000) (1024K)]
  0x00000289105ef8a0 WorkerThread "GC Thread#0"                     [id=18448, stack(0x000000ac31000000,0x000000ac31100000) (1024K)]
  0x00000289689c4000 WorkerThread "GC Thread#1"                     [id=12736, stack(0x000000ac32800000,0x000000ac32900000) (1024K)]
  0x0000028968a05b20 WorkerThread "GC Thread#2"                     [id=10212, stack(0x000000ac32900000,0x000000ac32a00000) (1024K)]
  0x0000028968a062d0 WorkerThread "GC Thread#3"                     [id=15732, stack(0x000000ac32a00000,0x000000ac32b00000) (1024K)]
  0x0000028968a08680 WorkerThread "GC Thread#4"                     [id=10148, stack(0x000000ac32b00000,0x000000ac32c00000) (1024K)]
  0x0000028968a08a20 WorkerThread "GC Thread#5"                     [id=14340, stack(0x000000ac32c00000,0x000000ac32d00000) (1024K)]
  0x0000028968a08dc0 WorkerThread "GC Thread#6"                     [id=17600, stack(0x000000ac32d00000,0x000000ac32e00000) (1024K)]
  0x0000028968a11580 WorkerThread "GC Thread#7"                     [id=18524, stack(0x000000ac32e00000,0x000000ac32f00000) (1024K)]
  0x0000028968a11b30 WorkerThread "GC Thread#8"                     [id=5856, stack(0x000000ac32f00000,0x000000ac33000000) (1024K)]
  0x0000028968a12e70 WorkerThread "GC Thread#9"                     [id=5728, stack(0x000000ac33000000,0x000000ac33100000) (1024K)]
  0x000002891061cfb0 ConcurrentGCThread "G1 Main Marker"            [id=11240, stack(0x000000ac31100000,0x000000ac31200000) (1024K)]
  0x000002891061d9c0 WorkerThread "G1 Conc#0"                       [id=14280, stack(0x000000ac31200000,0x000000ac31300000) (1024K)]
  0x0000028968a13950 WorkerThread "G1 Conc#1"                       [id=12404, stack(0x000000ac33100000,0x000000ac33200000) (1024K)]
  0x0000028968a12ad0 WorkerThread "G1 Conc#2"                       [id=14752, stack(0x000000ac33300000,0x000000ac33400000) (1024K)]
  0x0000028922cb8a10 ConcurrentGCThread "G1 Refine#0"               [id=3900, stack(0x000000ac31300000,0x000000ac31400000) (1024K)]
  0x0000028922cb9490 ConcurrentGCThread "G1 Service"                [id=5636, stack(0x000000ac31400000,0x000000ac31500000) (1024K)]
Total: 18

Threads with active compile tasks:
Total: 0

VM state: at safepoint (normal execution)

VM Mutex/Monitor currently owned by a thread:  ([mutex/lock_event])
[0x00007ff9412b7e98] Threads_lock - owner thread: 0x0000028922e02860
[0x00007ff9412b7f98] Heap_lock - owner thread: 0x000002890ffe3f00

Heap address: 0x0000000084400000, size: 1980 MB, Compressed Oops mode: 32-bit

CDS archive(s) mapped at: [0x0000028923000000-0x0000028923c90000-0x0000028923c90000), size 13172736, SharedBaseAddress: 0x0000028923000000, ArchiveRelocationMode: 1.
Compressed class space mapped at: 0x0000028924000000-0x0000028964000000, reserved size: 1073741824
Narrow klass base: 0x0000028923000000, Narrow klass shift: 0, Narrow klass range: 0x100000000

GC Precious Log:
 CardTable entry size: 512
 Card Set container configuration: InlinePtr #cards 5 size 8 Array Of Cards #cards 12 size 40 Howl #buckets 4 coarsen threshold 1843 Howl Bitmap #cards 512 size 80 coarsen threshold 460 Card regions per heap region 1 cards per card region 2048
 CPUs: 12 total, 12 available
 Memory: 7918M
 Large Page Support: Disabled
 NUMA Support: Disabled
 Compressed Oops: Enabled (32-bit)
 Heap Region Size: 1M
 Heap Min Capacity: 8M
 Heap Initial Capacity: 124M
 Heap Max Capacity: 1980M
 Pre-touch: Disabled
 Parallel Workers: 10
 Concurrent Workers: 3
 Concurrent Refinement Workers: 10
 Periodic GC: Disabled

Heap:
 garbage-first heap   total 58368K, used 21166K [0x0000000084400000, 0x0000000100000000)
  region size 1024K, 2 young (2048K), 2 survivors (2048K)
 Metaspace       used 32838K, committed 33472K, reserved 1114112K
  class space    used 4521K, committed 4800K, reserved 1048576K

Heap Regions: E=young(eden), S=young(survivor), O=old, HS=humongous(starts), HC=humongous(continues), CS=collection set, F=free, TAMS=top-at-mark-start, PB=parsable bottom
|   0|0x0000000084400000, 0x0000000084500000, 0x0000000084500000|100%|HS|  |TAMS 0x0000000084400000| PB 0x0000000084400000| Complete 
|   1|0x0000000084500000, 0x0000000084600000, 0x0000000084600000|100%|HS|  |TAMS 0x0000000084500000| PB 0x0000000084500000| Complete 
|   2|0x0000000084600000, 0x0000000084700000, 0x0000000084700000|100%| O|  |TAMS 0x0000000084600000| PB 0x0000000084600000| Untracked 
|   3|0x0000000084700000, 0x0000000084800000, 0x0000000084800000|100%| O|  |TAMS 0x0000000084700000| PB 0x0000000084700000| Untracked 
|   4|0x0000000084800000, 0x0000000084900000, 0x0000000084900000|100%| O|  |TAMS 0x0000000084800000| PB 0x0000000084800000| Untracked 
|   5|0x0000000084900000, 0x0000000084a00000, 0x0000000084a00000|100%| O|  |TAMS 0x0000000084900000| PB 0x0000000084900000| Untracked 
|   6|0x0000000084a00000, 0x0000000084b00000, 0x0000000084b00000|100%| O|  |TAMS 0x0000000084a00000| PB 0x0000000084a00000| Untracked 
|   7|0x0000000084b00000, 0x0000000084c00000, 0x0000000084c00000|100%| O|  |TAMS 0x0000000084b00000| PB 0x0000000084b00000| Untracked 
|   8|0x0000000084c00000, 0x0000000084d00000, 0x0000000084d00000|100%| O|  |TAMS 0x0000000084c00000| PB 0x0000000084c00000| Untracked 
|   9|0x0000000084d00000, 0x0000000084e00000, 0x0000000084e00000|100%| O|  |TAMS 0x0000000084d00000| PB 0x0000000084d00000| Untracked 
|  10|0x0000000084e00000, 0x0000000084f00000, 0x0000000084f00000|100%| O|  |TAMS 0x0000000084e00000| PB 0x0000000084e00000| Untracked 
|  11|0x0000000084f00000, 0x0000000085000000, 0x0000000085000000|100%| O|  |TAMS 0x0000000084f00000| PB 0x0000000084f00000| Untracked 
|  12|0x0000000085000000, 0x0000000085100000, 0x0000000085100000|100%| O|  |TAMS 0x0000000085000000| PB 0x0000000085000000| Untracked 
|  13|0x0000000085100000, 0x0000000085200000, 0x0000000085200000|100%| O|  |TAMS 0x0000000085100000| PB 0x0000000085100000| Untracked 
|  14|0x0000000085200000, 0x0000000085300000, 0x0000000085300000|100%| O|  |TAMS 0x0000000085200000| PB 0x0000000085200000| Untracked 
|  15|0x0000000085300000, 0x0000000085400000, 0x0000000085400000|100%| O|  |TAMS 0x0000000085300000| PB 0x0000000085300000| Untracked 
|  16|0x0000000085400000, 0x0000000085500000, 0x0000000085500000|100%| O|  |TAMS 0x0000000085400000| PB 0x0000000085400000| Untracked 
|  17|0x0000000085500000, 0x0000000085600000, 0x0000000085600000|100%| O|  |TAMS 0x0000000085500000| PB 0x0000000085500000| Untracked 
|  18|0x0000000085600000, 0x00000000856ab950, 0x0000000085700000| 67%| O|  |TAMS 0x0000000085600000| PB 0x0000000085600000| Untracked 
|  19|0x0000000085700000, 0x0000000085700000, 0x0000000085800000|  0%| F|  |TAMS 0x0000000085700000| PB 0x0000000085700000| Untracked 
|  20|0x0000000085800000, 0x0000000085800000, 0x0000000085900000|  0%| F|  |TAMS 0x0000000085800000| PB 0x0000000085800000| Untracked 
|  21|0x0000000085900000, 0x0000000085900000, 0x0000000085a00000|  0%| F|  |TAMS 0x0000000085900000| PB 0x0000000085900000| Untracked 
|  22|0x0000000085a00000, 0x0000000085a00000, 0x0000000085b00000|  0%| F|  |TAMS 0x0000000085a00000| PB 0x0000000085a00000| Untracked 
|  23|0x0000000085b00000, 0x0000000085b00000, 0x0000000085c00000|  0%| F|  |TAMS 0x0000000085b00000| PB 0x0000000085b00000| Untracked 
|  24|0x0000000085c00000, 0x0000000085c00000, 0x0000000085d00000|  0%| F|  |TAMS 0x0000000085c00000| PB 0x0000000085c00000| Untracked 
|  25|0x0000000085d00000, 0x0000000085e00000, 0x0000000085e00000|100%| S|CS|TAMS 0x0000000085d00000| PB 0x0000000085d00000| Complete 
|  26|0x0000000085e00000, 0x0000000085e00000, 0x0000000085f00000|  0%| F|  |TAMS 0x0000000085e00000| PB 0x0000000085e00000| Untracked 
|  27|0x0000000085f00000, 0x0000000085f00000, 0x0000000086000000|  0%| F|  |TAMS 0x0000000085f00000| PB 0x0000000085f00000| Untracked 
|  28|0x0000000086000000, 0x0000000086000000, 0x0000000086100000|  0%| F|  |TAMS 0x0000000086000000| PB 0x0000000086000000| Untracked 
|  29|0x0000000086100000, 0x0000000086200000, 0x0000000086200000|100%| S|CS|TAMS 0x0000000086100000| PB 0x0000000086100000| Complete 
|  30|0x0000000086200000, 0x0000000086200000, 0x0000000086300000|  0%| F|  |TAMS 0x0000000086200000| PB 0x0000000086200000| Untracked 
|  31|0x0000000086300000, 0x0000000086300000, 0x0000000086400000|  0%| F|  |TAMS 0x0000000086300000| PB 0x0000000086300000| Untracked 
|  32|0x0000000086400000, 0x0000000086400000, 0x0000000086500000|  0%| F|  |TAMS 0x0000000086400000| PB 0x0000000086400000| Untracked 
|  33|0x0000000086500000, 0x0000000086500000, 0x0000000086600000|  0%| F|  |TAMS 0x0000000086500000| PB 0x0000000086500000| Untracked 
|  34|0x0000000086600000, 0x0000000086600000, 0x0000000086700000|  0%| F|  |TAMS 0x0000000086600000| PB 0x0000000086600000| Untracked 
|  35|0x0000000086700000, 0x0000000086700000, 0x0000000086800000|  0%| F|  |TAMS 0x0000000086700000| PB 0x0000000086700000| Untracked 
|  36|0x0000000086800000, 0x0000000086800000, 0x0000000086900000|  0%| F|  |TAMS 0x0000000086800000| PB 0x0000000086800000| Untracked 
|  37|0x0000000086900000, 0x0000000086900000, 0x0000000086a00000|  0%| F|  |TAMS 0x0000000086900000| PB 0x0000000086900000| Untracked 
|  38|0x0000000086a00000, 0x0000000086a00000, 0x0000000086b00000|  0%| F|  |TAMS 0x0000000086a00000| PB 0x0000000086a00000| Untracked 
|  39|0x0000000086b00000, 0x0000000086b00000, 0x0000000086c00000|  0%| F|  |TAMS 0x0000000086b00000| PB 0x0000000086b00000| Untracked 
|  40|0x0000000086c00000, 0x0000000086c00000, 0x0000000086d00000|  0%| F|  |TAMS 0x0000000086c00000| PB 0x0000000086c00000| Untracked 
|  41|0x0000000086d00000, 0x0000000086d00000, 0x0000000086e00000|  0%| F|  |TAMS 0x0000000086d00000| PB 0x0000000086d00000| Untracked 
|  42|0x0000000086e00000, 0x0000000086e00000, 0x0000000086f00000|  0%| F|  |TAMS 0x0000000086e00000| PB 0x0000000086e00000| Untracked 
|  43|0x0000000086f00000, 0x0000000086f00000, 0x0000000087000000|  0%| F|  |TAMS 0x0000000086f00000| PB 0x0000000086f00000| Untracked 
|  44|0x0000000087000000, 0x0000000087000000, 0x0000000087100000|  0%| F|  |TAMS 0x0000000087000000| PB 0x0000000087000000| Untracked 
|  45|0x0000000087100000, 0x0000000087100000, 0x0000000087200000|  0%| F|  |TAMS 0x0000000087100000| PB 0x0000000087100000| Untracked 
|  46|0x0000000087200000, 0x0000000087200000, 0x0000000087300000|  0%| F|  |TAMS 0x0000000087200000| PB 0x0000000087200000| Untracked 
|  47|0x0000000087300000, 0x0000000087300000, 0x0000000087400000|  0%| F|  |TAMS 0x0000000087300000| PB 0x0000000087300000| Untracked 
|  48|0x0000000087400000, 0x0000000087400000, 0x0000000087500000|  0%| F|  |TAMS 0x0000000087400000| PB 0x0000000087400000| Untracked 
|  79|0x0000000089300000, 0x0000000089300000, 0x0000000089400000|  0%| F|  |TAMS 0x0000000089300000| PB 0x0000000089300000| Untracked 
|  80|0x0000000089400000, 0x0000000089400000, 0x0000000089500000|  0%| F|  |TAMS 0x0000000089400000| PB 0x0000000089400000| Untracked 
|  81|0x0000000089500000, 0x0000000089500000, 0x0000000089600000|  0%| F|  |TAMS 0x0000000089500000| PB 0x0000000089500000| Untracked 
|  82|0x0000000089600000, 0x0000000089600000, 0x0000000089700000|  0%| F|  |TAMS 0x0000000089600000| PB 0x0000000089600000| Untracked 
|  83|0x0000000089700000, 0x0000000089700000, 0x0000000089800000|  0%| F|  |TAMS 0x0000000089700000| PB 0x0000000089700000| Untracked 
|  84|0x0000000089800000, 0x0000000089800000, 0x0000000089900000|  0%| F|  |TAMS 0x0000000089800000| PB 0x0000000089800000| Untracked 
| 122|0x000000008be00000, 0x000000008be00000, 0x000000008bf00000|  0%| F|  |TAMS 0x000000008be00000| PB 0x000000008be00000| Untracked 
| 123|0x000000008bf00000, 0x000000008bf00000, 0x000000008c000000|  0%| F|  |TAMS 0x000000008bf00000| PB 0x000000008bf00000| Untracked 

Card table byte_map: [0x000002891de50000,0x000002891e230000] _byte_map_base: 0x000002891da2e000

Marking Bits: (CMBitMap*) 0x00000289105efeb0
 Bits: [0x000002891e230000, 0x0000028920120000)

Polling page: 0x0000028910260000

Metaspace:

Usage:
  Non-class:     27.65 MB used.
      Class:      4.42 MB used.
       Both:     32.07 MB used.

Virtual space:
  Non-class space:       64.00 MB reserved,      28.00 MB ( 44%) committed,  1 nodes.
      Class space:        1.00 GB reserved,       4.69 MB ( <1%) committed,  1 nodes.
             Both:        1.06 GB reserved,      32.69 MB (  3%) committed. 

Chunk freelists:
   Non-Class:  3.58 MB
       Class:  11.34 MB
        Both:  14.92 MB

MaxMetaspaceSize: unlimited
CompressedClassSpaceSize: 1.00 GB
Initial GC threshold: 21.00 MB
Current GC threshold: 34.38 MB
CDS: on
 - commit_granule_bytes: 65536.
 - commit_granule_words: 8192.
 - virtual_space_node_default_size: 8388608.
 - enlarge_chunks_in_place: 1.
 - use_allocation_guard: 0.


Internal statistics:

num_allocs_failed_limit: 0.
num_arena_births: 838.
num_arena_deaths: 0.
num_vsnodes_births: 2.
num_vsnodes_deaths: 0.
num_space_committed: 523.
num_space_uncommitted: 0.
num_chunks_returned_to_freelist: 0.
num_chunks_taken_from_freelist: 2037.
num_chunk_merges: 0.
num_chunk_splits: 1366.
num_chunks_enlarged: 934.
num_inconsistent_stats: 0.

CodeCache: size=49152Kb used=9701Kb max_used=9701Kb free=39450Kb
 bounds [0x0000028919fc0000, 0x000002891a940000, 0x000002891cfc0000]
 total_blobs=4802 nmethods=4251 adapters=472
 compilation: enabled
              stopped_count=0, restarted_count=0
 full_count=0

Compilation events (20 events):
Event: 6.154 Thread 0x0000028968030fa0 nmethod 4240 0x000002891a936190 code [0x000002891a936340, 0x000002891a9364b0]
Event: 6.154 Thread 0x00000289680b6970 nmethod 4241 0x000002891a936590 code [0x000002891a936740, 0x000002891a9368b8]
Event: 6.154 Thread 0x00000289680b62c0 nmethod 4242 0x000002891a936990 code [0x000002891a936b40, 0x000002891a936cb8]
Event: 6.154 Thread 0x000002896859d380 nmethod 4243 0x000002891a936d90 code [0x000002891a936f20, 0x000002891a937070]
Event: 6.156 Thread 0x00000289680b62c0 4244       1       java.nio.DirectByteBuffer::base (2 bytes)
Event: 6.156 Thread 0x00000289680b62c0 nmethod 4244 0x000002891a937110 code [0x000002891a9372a0, 0x000002891a937370]
Event: 6.157 Thread 0x00000289680b62c0 4245       1       java.io.ObjectStreamClass::getSerialVersionUID (42 bytes)
Event: 6.157 Thread 0x00000289680b6970 4246       1       java.lang.invoke.VarHandleByteArrayAsLongs$ArrayHandle::set (39 bytes)
Event: 6.157 Thread 0x0000028968030fa0 4247       1       jdk.internal.misc.Unsafe::putLongUnaligned (14 bytes)
Event: 6.157 Thread 0x000002896859d380 4248       1       jdk.internal.misc.Unsafe::putLongUnaligned (157 bytes)
Event: 6.730 Thread 0x00000289680b62c0 nmethod 4245 0x000002891a937410 code [0x000002891a9375e0, 0x000002891a9378b0]
Event: 6.746 Thread 0x0000028968030fa0 nmethod 4247 0x000002891a937a10 code [0x000002891a937ba0, 0x000002891a937cb8]
Event: 6.746 Thread 0x00000289680b62c0 4249       1       java.lang.ModuleLayer::boot (4 bytes)
Event: 6.746 Thread 0x000002896859d380 nmethod 4248 0x000002891a937d90 code [0x000002891a937f60, 0x000002891a938270]
Event: 6.746 Thread 0x0000028968030fa0 4250       1       jdk.internal.util.ByteArray::setLong (10 bytes)
Event: 6.746 Thread 0x00000289680b6970 nmethod 4246 0x000002891a938310 code [0x000002891a9384c0, 0x000002891a938690]
Event: 6.746 Thread 0x00000289680b62c0 nmethod 4249 0x000002891a938810 code [0x000002891a9389a0, 0x000002891a938a58]
Event: 6.747 Thread 0x0000028968030fa0 nmethod 4250 0x000002891a938b10 code [0x000002891a938cc0, 0x000002891a938e08]
Event: 6.748 Thread 0x00000289680b62c0 4251       1       java.nio.DirectByteBuffer::address (42 bytes)
Event: 6.749 Thread 0x00000289680b62c0 nmethod 4251 0x000002891a938f90 code [0x000002891a939180, 0x000002891a939470]

GC Heap History (11 events):
Event: 0.578 GC heap before
{Heap before GC invocations=0 (full 0):
 garbage-first heap   total 126976K, used 25600K [0x0000000084400000, 0x0000000100000000)
  region size 1024K, 23 young (23552K), 0 survivors (0K)
 Metaspace       used 7337K, committed 7616K, reserved 1114112K
  class space    used 897K, committed 1024K, reserved 1048576K
}
Event: 0.587 GC heap after
{Heap after GC invocations=1 (full 0):
 garbage-first heap   total 126976K, used 8672K [0x0000000084400000, 0x0000000100000000)
  region size 1024K, 3 young (3072K), 3 survivors (3072K)
 Metaspace       used 7337K, committed 7616K, reserved 1114112K
  class space    used 897K, committed 1024K, reserved 1048576K
}
Event: 2.273 GC heap before
{Heap before GC invocations=1 (full 0):
 garbage-first heap   total 126976K, used 35296K [0x0000000084400000, 0x0000000100000000)
  region size 1024K, 30 young (30720K), 3 survivors (3072K)
 Metaspace       used 13741K, committed 14208K, reserved 1114112K
  class space    used 1824K, committed 2048K, reserved 1048576K
}
Event: 2.276 GC heap after
{Heap after GC invocations=2 (full 0):
 garbage-first heap   total 126976K, used 10997K [0x0000000084400000, 0x0000000100000000)
  region size 1024K, 3 young (3072K), 3 survivors (3072K)
 Metaspace       used 13741K, committed 14208K, reserved 1114112K
  class space    used 1824K, committed 2048K, reserved 1048576K
}
Event: 3.604 GC heap before
{Heap before GC invocations=2 (full 0):
 garbage-first heap   total 126976K, used 45813K [0x0000000084400000, 0x0000000100000000)
  region size 1024K, 39 young (39936K), 3 survivors (3072K)
 Metaspace       used 20657K, committed 21120K, reserved 1114112K
  class space    used 2743K, committed 2944K, reserved 1048576K
}
Event: 4.621 GC heap after
{Heap after GC invocations=3 (full 0):
 garbage-first heap   total 126976K, used 14495K [0x0000000084400000, 0x0000000100000000)
  region size 1024K, 6 young (6144K), 6 survivors (6144K)
 Metaspace       used 20657K, committed 21120K, reserved 1114112K
  class space    used 2743K, committed 2944K, reserved 1048576K
}
Event: 4.954 GC heap before
{Heap before GC invocations=4 (full 0):
 garbage-first heap   total 58368K, used 43167K [0x0000000084400000, 0x0000000100000000)
  region size 1024K, 34 young (34816K), 6 survivors (6144K)
 Metaspace       used 23593K, committed 24000K, reserved 1114112K
  class space    used 3186K, committed 3392K, reserved 1048576K
}
Event: 4.962 GC heap after
{Heap after GC invocations=5 (full 0):
 garbage-first heap   total 58368K, used 16393K [0x0000000084400000, 0x0000000100000000)
  region size 1024K, 3 young (3072K), 3 survivors (3072K)
 Metaspace       used 23593K, committed 24000K, reserved 1114112K
  class space    used 3186K, committed 3392K, reserved 1048576K
}
Event: 5.305 GC heap before
{Heap before GC invocations=5 (full 0):
 garbage-first heap   total 58368K, used 45065K [0x0000000084400000, 0x0000000100000000)
  region size 1024K, 31 young (31744K), 3 survivors (3072K)
 Metaspace       used 27977K, committed 28544K, reserved 1114112K
  class space    used 3885K, committed 4160K, reserved 1048576K
}
Event: 5.311 GC heap after
{Heap after GC invocations=6 (full 0):
 garbage-first heap   total 58368K, used 18942K [0x0000000084400000, 0x0000000100000000)
  region size 1024K, 3 young (3072K), 3 survivors (3072K)
 Metaspace       used 27977K, committed 28544K, reserved 1114112K
  class space    used 3885K, committed 4160K, reserved 1048576K
}
Event: 6.777 GC heap before
{Heap before GC invocations=6 (full 0):
 garbage-first heap   total 58368K, used 45566K [0x0000000084400000, 0x0000000100000000)
  region size 1024K, 30 young (30720K), 3 survivors (3072K)
 Metaspace       used 32838K, committed 33472K, reserved 1114112K
  class space    used 4521K, committed 4800K, reserved 1048576K
}

Dll operation events (11 events):
Event: 0.011 Loaded shared library C:\Program Files\Java\jdk-21\bin\java.dll
Event: 0.096 Loaded shared library C:\Program Files\Java\jdk-21\bin\zip.dll
Event: 0.101 Loaded shared library C:\Program Files\Java\jdk-21\bin\instrument.dll
Event: 0.106 Loaded shared library C:\Program Files\Java\jdk-21\bin\net.dll
Event: 0.108 Loaded shared library C:\Program Files\Java\jdk-21\bin\nio.dll
Event: 0.112 Loaded shared library C:\Program Files\Java\jdk-21\bin\zip.dll
Event: 0.186 Loaded shared library C:\Program Files\Java\jdk-21\bin\jimage.dll
Event: 0.189 Loaded shared library C:\Program Files\Java\jdk-21\bin\extnet.dll
Event: 0.209 Loaded shared library C:\Program Files\Java\jdk-21\bin\management.dll
Event: 0.225 Loaded shared library C:\Program Files\Java\jdk-21\bin\management_ext.dll
Event: 2.687 Loaded shared library C:\Program Files\Java\jdk-21\bin\sunmscapi.dll

Deoptimization events (2 events):
Event: 5.155 Thread 0x000002890ffe3f00 DEOPT PACKING pc=0x000002891a7cee0c sp=0x000000ac30ffc1a0
Event: 5.155 Thread 0x000002890ffe3f00 DEOPT UNPACKING pc=0x000002891a0188e2 sp=0x000000ac30ffb660 mode 0

Classes loaded (20 events):
Event: 5.431 Loading class java/util/UUID$Holder
Event: 5.431 Loading class java/util/UUID$Holder done
Event: 5.441 Loading class java/util/stream/SortedOps$SizedRefSortingSink
Event: 5.441 Loading class java/util/stream/SortedOps$SizedRefSortingSink done
Event: 5.450 Loading class java/io/EOFException
Event: 5.450 Loading class java/io/EOFException done
Event: 5.450 Loading class javax/net/ssl/SSLException
Event: 5.450 Loading class javax/net/ssl/SSLException done
Event: 5.458 Loading class java/nio/channels/CompletionHandler
Event: 5.458 Loading class java/nio/channels/CompletionHandler done
Event: 5.461 Loading class jdk/internal/vm/annotation/IntrinsicCandidate
Event: 5.461 Loading class jdk/internal/vm/annotation/IntrinsicCandidate done
Event: 5.466 Loading class java/lang/invoke/DirectMethodHandle$Special
Event: 5.466 Loading class java/lang/invoke/DirectMethodHandle$Special done
Event: 5.468 Loading class jdk/internal/event/ThreadSleepEvent
Event: 5.468 Loading class jdk/internal/event/ThreadSleepEvent done
Event: 5.520 Loading class javax/naming/Referenceable
Event: 5.520 Loading class javax/naming/Referenceable done
Event: 5.540 Loading class java/lang/instrument/ClassFileTransformer
Event: 5.540 Loading class java/lang/instrument/ClassFileTransformer done

Classes unloaded (0 events):
No events

Classes redefined (0 events):
No events

Internal exceptions (20 events):
Event: 5.129 Thread 0x000002890ffe3f00 Exception <a 'java/lang/NoSuchMethodError'{0x0000000086ec1480}: 'void java.lang.invoke.DirectMethodHandle$Holder.invokeVirtual(java.lang.Object, java.lang.Object, int)'> (0x0000000086ec1480) 
thrown [s\open\src\hotspot\share\interpreter\linkResolver.cpp, line 773]
Event: 5.129 Thread 0x000002890ffe3f00 Exception <a 'java/lang/NoSuchMethodError'{0x0000000086ec5018}: 'int java.lang.invoke.DirectMethodHandle$Holder.invokeSpecial(java.lang.Object, java.lang.Object, java.lang.Object, int)'> (0x0000000086ec5018) 
thrown [s\open\src\hotspot\share\interpreter\linkResolver.cpp, line 773]
Event: 5.129 Thread 0x000002890ffe3f00 Exception <a 'java/lang/NoSuchMethodError'{0x0000000086ed6b60}: 'java.lang.Object java.lang.invoke.DirectMethodHandle$Holder.invokeStatic(java.lang.Object, java.lang.Object, java.lang.Object, java.lang.Object, int)'> (0x0000000086ed6b60) 
thrown [s\open\src\hotspot\share\interpreter\linkResolver.cpp, line 773]
Event: 5.130 Thread 0x000002890ffe3f00 Exception <a 'java/lang/NoSuchMethodError'{0x0000000086eddf10}: 'void java.lang.invoke.DelegatingMethodHandle$Holder.reinvoke_L(java.lang.Object, java.lang.Object, int)'> (0x0000000086eddf10) 
thrown [s\open\src\hotspot\share\interpreter\linkResolver.cpp, line 773]
Event: 5.179 Thread 0x000002890ffe3f00 Exception <a 'java/lang/NoSuchMethodError'{0x0000000086a5c6a8}: 'java.lang.Object java.lang.invoke.DirectMethodHandle$Holder.invokeSpecialIFC(java.lang.Object, java.lang.Object, java.lang.Object)'> (0x0000000086a5c6a8) 
thrown [s\open\src\hotspot\share\interpreter\linkResolver.cpp, line 773]
Event: 5.185 Thread 0x000002890ffe3f00 Exception <a 'java/lang/NoSuchMethodError'{0x0000000086ab54e0}: 'java.lang.Object java.lang.invoke.DirectMethodHandle$Holder.invokeVirtual(java.lang.Object, java.lang.Object, java.lang.Object, java.lang.Object, java.lang.Object)'> (0x0000000086ab54e0) 
thrown [s\open\src\hotspot\share\interpreter\linkResolver.cpp, line 773]
Event: 5.213 Thread 0x000002890ffe3f00 Exception <a 'java/lang/NoSuchMethodError'{0x00000000867413d8}: 'java.lang.Object java.lang.invoke.DirectMethodHandle$Holder.invokeVirtual(java.lang.Object, java.lang.Object, java.lang.Object, java.lang.Object, java.lang.Object, java.lang.Object)'> (0x00000000867413d8) 
thrown [s\open\src\hotspot\share\interpreter\linkResolver.cpp, line 773]
Event: 5.230 Thread 0x000002890ffe3f00 Exception <a 'java/lang/NoSuchMethodError'{0x000000008666fca0}: 'void java.lang.invoke.DirectMethodHandle$Holder.invokeInterface(java.lang.Object, java.lang.Object, int)'> (0x000000008666fca0) 
thrown [s\open\src\hotspot\share\interpreter\linkResolver.cpp, line 773]
Event: 5.231 Thread 0x000002890ffe3f00 Exception <a 'java/lang/IncompatibleClassChangeError'{0x00000000866b1fa0}: Found class java.lang.Object, but interface was expected> (0x00000000866b1fa0) 
thrown [s\open\src\hotspot\share\interpreter\linkResolver.cpp, line 840]
Event: 5.232 Thread 0x000002890ffe3f00 Exception <a 'java/lang/NoSuchMethodError'{0x00000000866cf7e8}: 'void java.lang.invoke.DirectMethodHandle$Holder.invokeStatic(java.lang.Object, int, java.lang.Object)'> (0x00000000866cf7e8) 
thrown [s\open\src\hotspot\share\interpreter\linkResolver.cpp, line 773]
Event: 5.260 Thread 0x000002890ffe3f00 Exception <a 'java/lang/NoSuchMethodError'{0x00000000865ae8f0}: 'void java.lang.invoke.DirectMethodHandle$Holder.invokeStatic(java.lang.Object, java.lang.Object, java.lang.Object, int, java.lang.Object)'> (0x00000000865ae8f0) 
thrown [s\open\src\hotspot\share\interpreter\linkResolver.cpp, line 773]
Event: 5.260 Thread 0x000002890ffe3f00 Exception <a 'java/lang/NoSuchMethodError'{0x00000000865b50a8}: 'java.lang.Object java.lang.invoke.DirectMethodHandle$Holder.newInvokeSpecial(java.lang.Object, java.lang.Object, java.lang.Object, int)'> (0x00000000865b50a8) 
thrown [s\open\src\hotspot\share\interpreter\linkResolver.cpp, line 773]
Event: 5.260 Thread 0x000002890ffe3f00 Exception <a 'java/lang/NoSuchMethodError'{0x00000000865b8e98}: 'java.lang.Object java.lang.invoke.DirectMethodHandle$Holder.invokeSpecial(java.lang.Object, java.lang.Object, java.lang.Object, java.lang.Object, int)'> (0x00000000865b8e98) 
thrown [s\open\src\hotspot\share\interpreter\linkResolver.cpp, line 773]
Event: 5.260 Thread 0x000002890ffe3f00 Exception <a 'java/lang/NoSuchMethodError'{0x00000000865bc320}: 'java.lang.Object java.lang.invoke.Invokers$Holder.linkToTargetMethod(java.lang.Object, java.lang.Object, int, java.lang.Object)'> (0x00000000865bc320) 
thrown [s\open\src\hotspot\share\interpreter\linkResolver.cpp, line 773]
Event: 5.368 Thread 0x000002890ffe3f00 Exception <a 'java/lang/NoSuchMethodError'{0x00000000897d9e70}: 'int java.lang.invoke.DirectMethodHandle$Holder.invokeVirtual(java.lang.Object, java.lang.Object, java.lang.Object, java.lang.Object)'> (0x00000000897d9e70) 
thrown [s\open\src\hotspot\share\interpreter\linkResolver.cpp, line 773]
Event: 5.368 Thread 0x000002890ffe3f00 Exception <a 'java/lang/NoSuchMethodError'{0x00000000897dd6f0}: 'int java.lang.invoke.DelegatingMethodHandle$Holder.reinvoke_L(java.lang.Object, java.lang.Object, java.lang.Object, java.lang.Object)'> (0x00000000897dd6f0) 
thrown [s\open\src\hotspot\share\interpreter\linkResolver.cpp, line 773]
Event: 5.383 Thread 0x000002890ffe3f00 Exception <a 'java/io/FileNotFoundException'{0x00000000896f11d0}> (0x00000000896f11d0) 
thrown [s\open\src\hotspot\share\prims\jni.cpp, line 520]
Event: 5.424 Thread 0x000002890ffe3f00 Exception <a 'java/lang/NoSuchMethodError'{0x000000008936ec18}: 'int java.lang.invoke.DirectMethodHandle$Holder.invokeInterface(java.lang.Object, java.lang.Object, java.lang.Object, java.lang.Object)'> (0x000000008936ec18) 
thrown [s\open\src\hotspot\share\interpreter\linkResolver.cpp, line 773]
Event: 5.499 Thread 0x000002890ffe3f00 Exception <a 'java/lang/NoSuchMethodError'{0x0000000086d16ce0}: 'java.lang.Object java.lang.invoke.DirectMethodHandle$Holder.newInvokeSpecial(java.lang.Object, java.lang.Object, java.lang.Object, java.lang.Object, java.lang.Object, java.lang.Object, java.lang.Object, java.lang.Object, java.lang.Object, java.lang.Object, java.lang.Object)'> (0x0000000086d16ce0) 
thrown [s\open\src\hotspot\share\interpreter\linkResolver.cpp, line 773]
Event: 5.573 Thread 0x000002890ffe3f00 Exception <a 'java/lang/NoSuchMethodError'{0x0000000086ad4f30}: 'void java.lang.invoke.DelegatingMethodHandle$Holder.reinvoke_L(java.lang.Object, java.lang.Object, java.lang.Object, java.lang.Object, int, java.lang.Object, java.lang.Object, java.lang.Object)'> (0x0000000086ad4f30) 
thrown [s\open\src\hotspot\share\interpreter\linkResolver.cpp, line 773]

ZGC Phase Switch (0 events):
No events

VM Operations (20 events):
Event: 5.311 Executing VM operation: G1CollectForAllocation (G1 Evacuation Pause) done
Event: 5.361 Executing VM operation: HandshakeAllThreads (Deoptimize)
Event: 5.361 Executing VM operation: HandshakeAllThreads (Deoptimize) done
Event: 5.362 Executing VM operation: HandshakeAllThreads (Deoptimize)
Event: 5.362 Executing VM operation: HandshakeAllThreads (Deoptimize) done
Event: 5.380 Executing VM operation: HandshakeAllThreads (Deoptimize)
Event: 5.380 Executing VM operation: HandshakeAllThreads (Deoptimize) done
Event: 5.408 Executing VM operation: HandshakeAllThreads (Deoptimize)
Event: 5.408 Executing VM operation: HandshakeAllThreads (Deoptimize) done
Event: 5.439 Executing VM operation: HandshakeAllThreads (Deoptimize)
Event: 5.439 Executing VM operation: HandshakeAllThreads (Deoptimize) done
Event: 5.439 Executing VM operation: HandshakeAllThreads (Deoptimize)
Event: 5.439 Executing VM operation: HandshakeAllThreads (Deoptimize) done
Event: 5.462 Executing VM operation: HandshakeAllThreads (Deoptimize)
Event: 5.462 Executing VM operation: HandshakeAllThreads (Deoptimize) done
Event: 5.665 Executing VM operation: HandshakeAllThreads (Deoptimize)
Event: 5.665 Executing VM operation: HandshakeAllThreads (Deoptimize) done
Event: 6.668 Executing VM operation: Cleanup
Event: 6.746 Executing VM operation: Cleanup done
Event: 6.777 Executing VM operation: G1CollectForAllocation (G1 Evacuation Pause)

Events (20 events):
Event: 0.515 Thread 0x0000028922e2b000 Thread added: 0x0000028922e2b000
Event: 0.525 Thread 0x0000028922e295c0 Thread added: 0x0000028922e295c0
Event: 1.168 Thread 0x0000028922e2b690 Thread added: 0x0000028922e2b690
Event: 2.493 Thread 0x0000028969f3daf0 Thread added: 0x0000028969f3daf0
Event: 3.512 Thread 0x0000028969f3e180 Thread added: 0x0000028969f3e180
Event: 3.514 Thread 0x0000028969f3f530 Thread added: 0x0000028969f3f530
Event: 3.518 Thread 0x0000028922e2b690 Thread exited: 0x0000028922e2b690
Event: 3.528 Thread 0x0000028969f3f530 Thread exited: 0x0000028969f3f530
Event: 3.543 Thread 0x0000028969f3daf0 Thread exited: 0x0000028969f3daf0
Event: 4.623 Thread 0x0000028969f3f530 Thread added: 0x0000028969f3f530
Event: 4.633 Thread 0x0000028969f3f530 Thread exited: 0x0000028969f3f530
Event: 5.135 Thread 0x0000028969f40f70 Thread added: 0x0000028969f40f70
Event: 5.138 Thread 0x0000028969f40f70 Thread exited: 0x0000028969f40f70
Event: 5.465 Thread 0x0000028969f3e810 Thread added: 0x0000028969f3e810
Event: 5.465 Thread 0x0000028969f3f530 Thread added: 0x0000028969f3f530
Event: 5.468 Thread 0x0000028969f3fbc0 Thread added: 0x0000028969f3fbc0
Event: 5.641 Thread 0x0000028969f40250 Thread added: 0x0000028969f40250
Event: 5.647 Thread 0x0000028969f40250 Thread exited: 0x0000028969f40250
Event: 6.151 Thread 0x0000028969f3eea0 Thread added: 0x0000028969f3eea0
Event: 6.749 Thread 0x0000028969f3eea0 Thread exited: 0x0000028969f3eea0


Dynamic libraries:
0x00007ff6ebce0000 - 0x00007ff6ebcf0000 	C:\Program Files\Java\jdk-21\bin\java.exe
0x00007ff9c2240000 - 0x00007ff9c24a7000 	C:\WINDOWS\SYSTEM32\ntdll.dll
0x00007ff9c0530000 - 0x00007ff9c05f9000 	C:\WINDOWS\System32\KERNEL32.DLL
0x00007ff9bf5f0000 - 0x00007ff9bf9e0000 	C:\WINDOWS\System32\KERNELBASE.dll
0x00007ff9bfc10000 - 0x00007ff9bfd5b000 	C:\WINDOWS\System32\ucrtbase.dll
0x00007ff9b79e0000 - 0x00007ff9b79f9000 	C:\Program Files\Java\jdk-21\bin\jli.dll
0x00007ff9af1c0000 - 0x00007ff9af1db000 	C:\Program Files\Java\jdk-21\bin\VCRUNTIME140.dll
0x00007ff9c0460000 - 0x00007ff9c0514000 	C:\WINDOWS\System32\ADVAPI32.dll
0x00007ff9c0600000 - 0x00007ff9c06a9000 	C:\WINDOWS\System32\msvcrt.dll
0x00007ff9c0340000 - 0x00007ff9c03e6000 	C:\WINDOWS\System32\sechost.dll
0x00007ff9c15d0000 - 0x00007ff9c16e8000 	C:\WINDOWS\System32\RPCRT4.dll
0x00007ff9c00e0000 - 0x00007ff9c02a5000 	C:\WINDOWS\System32\USER32.dll
0x00007ff9bfee0000 - 0x00007ff9bff07000 	C:\WINDOWS\System32\win32u.dll
0x00007ff99e6b0000 - 0x00007ff99e94a000 	C:\WINDOWS\WinSxS\amd64_microsoft.windows.common-controls_6595b64144ccf1df_6.0.26100.4768_none_3e0c112ce331287c\COMCTL32.dll
0x00007ff9c0420000 - 0x00007ff9c044b000 	C:\WINDOWS\System32\GDI32.dll
0x00007ff9bf4b0000 - 0x00007ff9bf5e8000 	C:\WINDOWS\System32\gdi32full.dll
0x00007ff9bf370000 - 0x00007ff9bf413000 	C:\WINDOWS\System32\msvcp_win.dll
0x00007ff9ae4f0000 - 0x00007ff9ae4fb000 	C:\WINDOWS\SYSTEM32\VERSION.dll
0x00007ff9c1e10000 - 0x00007ff9c1e3f000 	C:\WINDOWS\System32\IMM32.DLL
0x00007ff9b73c0000 - 0x00007ff9b73cc000 	C:\Program Files\Java\jdk-21\bin\vcruntime140_1.dll
0x00007ff992170000 - 0x00007ff9921fe000 	C:\Program Files\Java\jdk-21\bin\msvcp140.dll
0x00007ff940680000 - 0x00007ff941393000 	C:\Program Files\Java\jdk-21\bin\server\jvm.dll
0x00007ff9bffd0000 - 0x00007ff9c0044000 	C:\WINDOWS\System32\WS2_32.dll
0x00007ff9bdf70000 - 0x00007ff9bdfce000 	C:\WINDOWS\SYSTEM32\POWRPROF.dll
0x00007ff9b4ef0000 - 0x00007ff9b4f25000 	C:\WINDOWS\SYSTEM32\WINMM.dll
0x00007ff9bdf50000 - 0x00007ff9bdf64000 	C:\WINDOWS\SYSTEM32\UMPDC.dll
0x00007ff9be210000 - 0x00007ff9be22b000 	C:\WINDOWS\SYSTEM32\kernel.appcore.dll
0x00007ff9af1b0000 - 0x00007ff9af1ba000 	C:\Program Files\Java\jdk-21\bin\jimage.dll
0x00007ff9bcc10000 - 0x00007ff9bce51000 	C:\WINDOWS\SYSTEM32\DBGHELP.DLL
0x00007ff9c0860000 - 0x00007ff9c0be5000 	C:\WINDOWS\System32\combase.dll
0x00007ff9c0bf0000 - 0x00007ff9c0cd0000 	C:\WINDOWS\System32\OLEAUT32.dll
0x00007ff99c4b0000 - 0x00007ff99c4f3000 	C:\WINDOWS\SYSTEM32\dbgcore.DLL
0x00007ff9bf9f0000 - 0x00007ff9bfa89000 	C:\WINDOWS\System32\bcryptPrimitives.dll
0x00007ff9acf80000 - 0x00007ff9acf8f000 	C:\Program Files\Java\jdk-21\bin\instrument.dll
0x00007ff9af190000 - 0x00007ff9af1af000 	C:\Program Files\Java\jdk-21\bin\java.dll
0x00007ff9c0ce0000 - 0x00007ff9c142d000 	C:\WINDOWS\System32\SHELL32.dll
0x00007ff9bfd60000 - 0x00007ff9bfed3000 	C:\WINDOWS\System32\wintypes.dll
0x00007ff9bcf90000 - 0x00007ff9bd7f0000 	C:\WINDOWS\SYSTEM32\windows.storage.dll
0x00007ff9c2100000 - 0x00007ff9c21f5000 	C:\WINDOWS\System32\SHCORE.dll
0x00007ff9c1ea0000 - 0x00007ff9c1f0a000 	C:\WINDOWS\System32\shlwapi.dll
0x00007ff9bf290000 - 0x00007ff9bf2b9000 	C:\WINDOWS\SYSTEM32\profapi.dll
0x00007ff9ac620000 - 0x00007ff9ac638000 	C:\Program Files\Java\jdk-21\bin\zip.dll
0x00007ff9acf70000 - 0x00007ff9acf80000 	C:\Program Files\Java\jdk-21\bin\net.dll
0x00007ff9b6110000 - 0x00007ff9b622e000 	C:\WINDOWS\SYSTEM32\WINHTTP.dll
0x00007ff9be7a0000 - 0x00007ff9be80b000 	C:\WINDOWS\system32\mswsock.dll
0x00007ff9ac700000 - 0x00007ff9ac716000 	C:\Program Files\Java\jdk-21\bin\nio.dll
0x00007ff9acf60000 - 0x00007ff9acf69000 	C:\Program Files\Java\jdk-21\bin\extnet.dll
0x00007ff9bdbd0000 - 0x00007ff9bdcf6000 	C:\WINDOWS\SYSTEM32\DNSAPI.dll
0x00007ff9bdb90000 - 0x00007ff9bdbc3000 	C:\WINDOWS\SYSTEM32\IPHLPAPI.DLL
0x00007ff9c0450000 - 0x00007ff9c045a000 	C:\WINDOWS\System32\NSI.dll
0x00007ff9b4c10000 - 0x00007ff9b4c1b000 	C:\Windows\System32\rasadhlp.dll
0x00007ff9b6900000 - 0x00007ff9b6986000 	C:\WINDOWS\System32\fwpuclnt.dll
0x00007ff9acc10000 - 0x00007ff9acc1a000 	C:\Program Files\Java\jdk-21\bin\management.dll
0x00007ff9ac610000 - 0x00007ff9ac61b000 	C:\Program Files\Java\jdk-21\bin\management_ext.dll
0x00007ff9c0410000 - 0x00007ff9c0418000 	C:\WINDOWS\System32\PSAPI.DLL
0x00007ff9bea60000 - 0x00007ff9bea7b000 	C:\WINDOWS\SYSTEM32\CRYPTSP.dll
0x00007ff9be170000 - 0x00007ff9be1ab000 	C:\WINDOWS\system32\rsaenh.dll
0x00007ff9be840000 - 0x00007ff9be86b000 	C:\WINDOWS\SYSTEM32\USERENV.dll
0x00007ff9bf260000 - 0x00007ff9bf286000 	C:\WINDOWS\SYSTEM32\bcrypt.dll
0x00007ff9bea80000 - 0x00007ff9bea8c000 	C:\WINDOWS\SYSTEM32\CRYPTBASE.dll
0x00007ff9ac860000 - 0x00007ff9ac878000 	C:\WINDOWS\system32\napinsp.dll
0x00007ff9aec00000 - 0x00007ff9aec12000 	C:\WINDOWS\System32\winrnr.dll
0x00007ff9ac590000 - 0x00007ff9ac5c0000 	C:\WINDOWS\system32\nlansp_c.dll
0x00007ff987d30000 - 0x00007ff987d50000 	C:\WINDOWS\system32\wshbth.dll
0x00007ff995d10000 - 0x00007ff995d5e000 	C:\WINDOWS\SYSTEM32\pdh.dll
0x00007ff9a5490000 - 0x00007ff9a54a2000 	C:\WINDOWS\System32\perfproc.dll
0x00007ff98f860000 - 0x00007ff98f871000 	C:\WINDOWS\System32\perfos.dll
0x00007ff9bd820000 - 0x00007ff9bd832000 	C:\WINDOWS\SYSTEM32\pfclient.dll
0x00007ff9ac600000 - 0x00007ff9ac60e000 	C:\Program Files\Java\jdk-21\bin\sunmscapi.dll
0x00007ff9bfa90000 - 0x00007ff9bfc07000 	C:\WINDOWS\System32\CRYPT32.dll
0x00007ff9bec80000 - 0x00007ff9becb0000 	C:\WINDOWS\SYSTEM32\ncrypt.dll
0x00007ff9bec30000 - 0x00007ff9bec6f000 	C:\WINDOWS\SYSTEM32\NTASN1.dll

dbghelp: loaded successfully - version: 4.0.5 - missing functions: none
symbol engine: initialized successfully - sym options: 0x614 - pdb path: .;C:\Program Files\Java\jdk-21\bin;C:\WINDOWS\SYSTEM32;C:\WINDOWS\WinSxS\amd64_microsoft.windows.common-controls_6595b64144ccf1df_6.0.26100.4768_none_3e0c112ce331287c;C:\Program Files\Java\jdk-21\bin\server

VM Arguments:
jvm_args: -XX:TieredStopAtLevel=1 -Dspring.output.ansi.enabled=always -Dcom.sun.management.jmxremote -Dspring.jmx.enabled=true -Dspring.liveBeansView.mbeanDomain -Dspring.application.admin.enabled=true -Dmanagement.endpoints.jmx.exposure.include=* -javaagent:C:\Program Files\JetBrains\IntelliJ IDEA 2025.2.1\lib\idea_rt.jar=57575 -Dfile.encoding=UTF-8 -Dsun.stdout.encoding=UTF-8 -Dsun.stderr.encoding=UTF-8 
java_command: com.example.Project0fCourse.Project0fCourseApplication
java_class_path (initial): D:\My Project\Web2\Web2_Project\target\classes;C:\Users\DELL\.m2\repository\org\springframework\boot\spring-boot-starter-web\3.4.5\spring-boot-starter-web-3.4.5.jar;C:\Users\DELL\.m2\repository\org\springframework\boot\spring-boot-starter\3.4.5\spring-boot-starter-3.4.5.jar;C:\Users\DELL\.m2\repository\org\springframework\boot\spring-boot\3.4.5\spring-boot-3.4.5.jar;C:\Users\DELL\.m2\repository\org\springframework\boot\spring-boot-autoconfigure\3.4.5\spring-boot-autoconfigure-3.4.5.jar;C:\Users\DELL\.m2\repository\org\springframework\boot\spring-boot-starter-logging\3.4.5\spring-boot-starter-logging-3.4.5.jar;C:\Users\DELL\.m2\repository\ch\qos\logback\logback-classic\1.5.18\logback-classic-1.5.18.jar;C:\Users\DELL\.m2\repository\ch\qos\logback\logback-core\1.5.18\logback-core-1.5.18.jar;C:\Users\DELL\.m2\repository\org\apache\logging\log4j\log4j-to-slf4j\2.24.3\log4j-to-slf4j-2.24.3.jar;C:\Users\DELL\.m2\repository\org\apache\logging\log4j\log4j-api\2.24.3\log4j-api-2.24.3.jar;C:\Users\DELL\.m2\repository\org\slf4j\jul-to-slf4j\2.0.17\jul-to-slf4j-2.0.17.jar;C:\Users\DELL\.m2\repository\jakarta\annotation\jakarta.annotation-api\2.1.1\jakarta.annotation-api-2.1.1.jar;C:\Users\DELL\.m2\repository\org\yaml\snakeyaml\2.3\snakeyaml-2.3.jar;C:\Users\DELL\.m2\repository\org\springframework\boot\spring-boot-starter-json\3.4.5\spring-boot-starter-json-3.4.5.jar;C:\Users\DELL\.m2\repository\com\fasterxml\jackson\core\jackson-databind\2.18.3\jackson-databind-2.18.3.jar;C:\Users\DELL\.m2\repository\com\fasterxml\jackson\core\jackson-annotations\2.18.3\jackson-annotations-2.18.3.jar;C:\Users\DELL\.m2\repository\com\fasterxml\jackson\core\jackson-core\2.18.3\jackson-core-2.18.3.jar;C:\Users\DELL\.m2\repository\com\fasterxml\jackson\datatype\jackson-datatype-jdk8\2.18.3\jackson-datatype-jdk8-2.18.3.jar;C:\Users\DELL\.m2\repository\com\fasterxml\jackson\datatype\jackson-datatype-jsr310\2.18.3\jackson-datatype-jsr310-2.18.3.jar;C:\Users\DELL\.m2\repository\com\fasterxml\jackson\module\jackson-module-parameter-names\2.18.3\jackson-module-parameter-names-2.18.3.jar;C:\Users\DELL\.m2\repository\org\springframework\boot\spring-boot-starter-tomcat\3.4.5\spring-boot-starter-tomcat-3.4.5.jar;C:\Users\DELL\.m2\repository\org\apache\tomcat\embed\tomcat-embed-core\10.1.40\tomcat-embed-core-10.1.40.jar;C:\Users\DELL\.m2\repository\org\apache\tomcat\embed\tomcat-embed-el\10.1.40\tomcat-embed-el-10.1.40.jar;C:\Users\DELL\.m2\repository\org\apache\tomcat\embed\tomcat-embed-websocket\10.1.40\tomcat-embed-websocket-10.1.40.jar;C:\Users\DELL\.m2\repository\org\springframework\spring-web\6.2.6\spring-web-6.2.6.jar;C:\Users\DELL\.m2\repository\org\springframework\spring-beans\6.2.6\spring-beans-6.2.6.jar;C:\Users\DELL\.m2\repository\io\micrometer\micrometer-observation\1.14.6\micrometer-observation-1.14.6.jar;C:\Users\DELL\.m2\repository\io\micrometer\micrometer-commons\1.14.6\micrometer-commons-1.14.6.jar;C:\Users\DELL\.m2\repository\org\springframework\spring-webmvc\6.2.6\spring-webmvc-6.2.6.jar;C:\Users\DELL\.m2\repository\org\springframework\spring-context\6.2.6\spring-context-6.2.6.jar;C:\Users\DELL\.m2\repository\org\springframework\spring-expression\6.2.6\spring-expression-6.2.6.jar;C:\Users\DELL\.m2\repository\org\springframework\boot\spring-boot-starter-thymeleaf\3.4.5\spring-boot-starter-thymeleaf-3.4.5.jar;C:\Users\DELL\.m2\repository\org\thymeleaf\thymeleaf-spring6\3.1.3.RELEASE\thymeleaf-spring6-3.1.3.RELEASE.jar;C:\Users\DELL\.m2\repository\org\thymeleaf\thymeleaf\3.1.3.RELEASE\thymeleaf-3.1.3.RELEASE.jar;C:\Users\DELL\.m2\repository\org\attoparser\attoparser\2.0.7.RELEASE\attoparser-2.0.7.RELEASE.jar;C:\Users\DELL\.m2\repository\org\unbescape\unbescape\1.1.6.RELEASE\unbescape-1.1.6.RELEASE.jar;C:\Users\DELL\.m2\repository\org\slf4j\slf4j-api\2.0.17\slf4j-api-2.0.17.jar;C:\Users\DELL\.m2\repository\org\projectlombok\lombok\1.18.32\lombok-1.18.32.jar;C:\Users\DELL\.m2\repository\org\springframework\boot\spring-boot-starter-security\3.4.5\spring-boot-starter-security-3.4.5.jar;C:\Users\DELL\.m2\repository\org\springframework\spring-aop\6.2.6\spring-aop-6.2.6.jar;C:\Users\DELL\.m2\repository\org\springframework\security\spring-security-config\6.4.5\spring-security-config-6.4.5.jar;C:\Users\DELL\.m2\repository\org\springframework\security\spring-security-core\6.4.5\spring-security-core-6.4.5.jar;C:\Users\DELL\.m2\repository\org\springframework\security\spring-security-crypto\6.4.5\spring-security-crypto-6.4.5.jar;C:\Users\DELL\.m2\repository\org\springframework\security\spring-security-web\6.4.5\spring-security-web-6.4.5.jar;C:\Users\DELL\.m2\repository\jakarta\xml\bind\jakarta.xml.bind-api\4.0.2\jakarta.xml.bind-api-4.0.2.jar;C:\Users\DELL\.m2\repository\jakarta\activation\jakarta.activation-api\2.1.3\jakarta.activation-api-2.1.3.jar;C:\Users\DELL\.m2\repository\org\springframework\spring-core\6.2.6\spring-core-6.2.6.jar;C:\Users\DELL\.m2\repository\org\springframework\spring-jcl\6.2.6\spring-jcl-6.2.6.jar;C:\Users\DELL\.m2\repository\jakarta\persistence\jakarta.persistence-api\3.1.0\jakarta.persistence-api-3.1.0.jar;C:\Users\DELL\.m2\repository\org\hibernate\orm\hibernate-core\6.4.4.Final\hibernate-core-6.4.4.Final.jar;C:\Users\DELL\.m2\repository\jakarta\transaction\jakarta.transaction-api\2.0.1\jakarta.transaction-api-2.0.1.jar;C:\Users\DELL\.m2\repository\org\jboss\logging\jboss-logging\3.6.1.Final\jboss-logging-3.6.1.Final.jar;C:\Users\DELL\.m2\repository\org\hibernate\common\hibernate-commons-annotations\6.0.6.Final\hibernate-commons-annotations-6.0.6.Final.jar;C:\Users\DELL\.m2\repository\io\smallrye\jandex\3.1.2\jandex-3.1.2.jar;C:\Users\DELL\.m2\repository\com\fasterxml\classmate\1.7.0\classmate-1.7.0.jar;C:\Users\DELL\.m2\repository\net\bytebuddy\byte-buddy\1.15.11\byte-buddy-1.15.11.jar;C:\Users\DELL\.m2\repository\org\glassfish\jaxb\jaxb-runtime\4.0.5\jaxb-runtime-4.0.5.jar;C:\Users\DELL\.m2\repository\org\glassfish\jaxb\jaxb-core\4.0.5\jaxb-core-4.0.5.jar;C:\Users\DELL\.m2\repository\org\eclipse\angus\angus-activation\2.0.2\angus-activation-2.0.2.jar;C:\Users\DELL\.m2\repository\org\glassfish\jaxb\txw2\4.0.5\txw2-4.0.5.jar;C:\Users\DELL\.m2\repository\com\sun\istack\istack-commons-runtime\4.1.2\istack-commons-runtime-4.1.2.jar;C:\Users\DELL\.m2\repository\jakarta\inject\jakarta.inject-api\2.0.1\jakarta.inject-api-2.0.1.jar;C:\Users\DELL\.m2\repository\org\antlr\antlr4-runtime\4.13.0\antlr4-runtime-4.13.0.jar;C:\Users\DELL\.m2\repository\org\springframework\boot\spring-boot-starter-data-jpa\3.4.5\spring-boot-starter-data-jpa-3.4.5.jar;C:\Users\DELL\.m2\repository\org\springframework\boot\spring-boot-starter-jdbc\3.4.5\spring-boot-starter-jdbc-3.4.5.jar;C:\Users\DELL\.m2\repository\com\zaxxer\HikariCP\5.1.0\HikariCP-5.1.0.jar;C:\Users\DELL\.m2\repository\org\springframework\spring-jdbc\6.2.6\spring-jdbc-6.2.6.jar;C:\Users\DELL\.m2\repository\org\springframework\data\spring-data-jpa\3.4.5\spring-data-jpa-3.4.5.jar;C:\Users\DELL\.m2\repository\org\springframework\data\spring-data-commons\3.4.5\spring-data-commons-3.4.5.jar;C:\Users\DELL\.m2\repository\org\springframework\spring-orm\6.2.6\spring-orm-6.2.6.jar;C:\Users\DELL\.m2\repository\org\springframework\spring-tx\6.2.6\spring-tx-6.2.6.jar;C:\Users\DELL\.m2\repository\org\springframework\spring-aspects\6.2.6\spring-aspects-6.2.6.jar;C:\Users\DELL\.m2\repository\org\aspectj\aspectjweaver\1.9.24\aspectjweaver-1.9.24.jar;C:\Users\DELL\.m2\repository\com\h2database\h2\2.3.232\h2-2.3.232.jar
Launcher Type: SUN_STANDARD

[Global flags]
     intx CICompilerCount                          = 4                                         {product} {ergonomic}
     uint ConcGCThreads                            = 3                                         {product} {ergonomic}
     uint G1ConcRefinementThreads                  = 10                                        {product} {ergonomic}
   size_t G1HeapRegionSize                         = 1048576                                   {product} {ergonomic}
    uintx GCDrainStackTargetSize                   = 64                                        {product} {ergonomic}
   size_t InitialHeapSize                          = 130023424                                 {product} {ergonomic}
     bool ManagementServer                         = true                                      {product} {command line}
   size_t MarkStackSize                            = 4194304                                   {product} {ergonomic}
   size_t MaxHeapSize                              = 2076180480                                {product} {ergonomic}
   size_t MaxNewSize                               = 1245708288                                {product} {ergonomic}
   size_t MinHeapDeltaBytes                        = 1048576                                   {product} {ergonomic}
   size_t MinHeapSize                              = 8388608                                   {product} {ergonomic}
    uintx NonNMethodCodeHeapSize                   = 4096                                   {pd product} {ergonomic}
    uintx NonProfiledCodeHeapSize                  = 0                                      {pd product} {ergonomic}
     bool ProfileInterpreter                       = false                                  {pd product} {command line}
    uintx ProfiledCodeHeapSize                     = 0                                      {pd product} {ergonomic}
   size_t SoftMaxHeapSize                          = 2076180480                             {manageable} {ergonomic}
     intx TieredStopAtLevel                        = 1                                         {product} {command line}
     bool UseCompressedOops                        = true                           {product lp64_product} {ergonomic}
     bool UseG1GC                                  = true                                      {product} {ergonomic}
     bool UseLargePagesIndividualAllocation        = false                                  {pd product} {ergonomic}

Logging:
Log output configuration:
 #0: stdout all=warning uptime,level,tags foldmultilines=false
 #1: stderr all=off uptime,level,tags foldmultilines=false

Environment Variables:
JAVA_HOME=C:\Program Files\Java\jdk-20
PATH=C:\Python313\Scripts\;C:\Python313\;C:\Program Files\Common Files\Oracle\Java\javapath;C:\Program Files (x86)\Common Files\Oracle\Java\java8path;C:\Program Files (x86)\Common Files\Oracle\Java\javapath;D:\Download_Tool\Flutterdsk\flutter_windows_3.29.2-stable\flutter\bin;C:\WINDOWS\system32;C:\WINDOWS;C:\WINDOWS\System32\Wbem;C:\WINDOWS\System32\WindowsPowerShell\v1.0\;C:\WINDOWS\System32\OpenSSH\;C:\Program Files\Microsoft SQL Server\Client SDK\ODBC\170\Tools\Binn\;C:\Program Files (x86)\Microsoft SQL Server\150\Tools\Binn\;C:\Program Files\Microsoft SQL Server\150\Tools\Binn\;C:\Program Files\Microsoft SQL Server\150\DTS\Binn\;C:\Program Files\Git\cmd;C:\Program Files\Microsoft SQL Server\Client SDK\ODBC\110\Tools\Binn\;C:\Program Files (x86)\Microsoft SQL Server\160\Tools\Binn\;C:\Program Files\Microsoft SQL Server\160\Tools\Binn\;C:\Program Files\Microsoft SQL Server\160\DTS\Binn\;C:\Program Files\dotnet\;D:\Download\Maven\apache-maven-3.9.9-bin\apache-maven-3.9.9\bin;D:\Download_Tool\Chromedriver\chromedriver-win64\chromedriver-win64;D:\Download_Tool\Chromedriver\chromedriver-win64\chromedriver-win64\chromedriver.exe;C:\Program Files\Java\jdk-20\bin;;c:\Users\DELL\AppData\Local\Programs\cursor\resources\app\bin;C:\Program Files (x86)\NVIDIA Corporation\PhysX\Common;C:\WINDOWS\system32;C:\WINDOWS;C:\WINDOWS\System32\Wbem;C:\WINDOWS\System32\WindowsPowerShell\v1.0\;C:\WINDOWS\System32\OpenSSH\;C:\ProgramData\chocolatey\bin;C:\Program Files\nodejs\;C:\Program Files\Common Files\Oracle\Java\javapath;C:\Program Files (x86)\Common Files\Oracle\Java\java8path;C:\Program Files (x86)\Common Files\Oracle\Java\javapath;D:\Download_Tool\Flutterdsk\flutter_windows_3.29.2-stable\flutter\bin;C:\WINDOWS\system32;C:\WINDOWS;C:\WINDOWS\System32\Wbem;C:\WINDOWS\System32\WindowsPowerShell\v1.0\;C:\WINDOWS\System32\OpenSSH\;C:\Program Files\Microsoft SQL Server\Client SDK\ODBC\170\Tools\Binn\;C:\Program Files (x86)\Microsoft SQL Server\150\Tools\Binn\;C:\Program Files\Microsoft SQL Server\150\Tools\Binn\;C:\Program Files\Microsoft SQL Server\150\DTS\Binn\;C:\Program Files\Git\cmd;C:\Program Files\Microsoft SQL Server\Client SDK\ODBC\110\Tools\Binn\;C:\Program Files (x86)\Microsoft SQL Server\160\Tools\Binn\;C:\Program Files\Microsoft SQL Server\160\Tools\Binn\;C:\Program Files\Microsoft SQL Server\160\DTS\Binn\;C:\Program Files\dotnet\;D:\Download\Maven\apache-maven-3.9.9-bin\apache-maven-3.9.9\bin;D:\Download_Tool\Chromedriver\chromedriver-win64\chromedriver-win64;D:\Download_Tool\Chromedriver\chromedriver-win64\chromedriver-win64\chromedriver.exe;D:\Download\Node\;C:\Program Files\Java\jdk-20\bin;C:\Users\DELL\AppData\Local\Programs\Python\Python312\Scripts\;C:\Users\DELL\AppData\Local\Programs\Python\Python312\;C:\Users\DELL\AppData\Local\Microsoft\WindowsApps;D:\Download\PyCharm\PyCharm Community Edition 2023.3.2\bin;C:\Program Files\Azure Data Studio\bin;C:\Program Files\JetBrains\IntelliJ IDEA Community Edition 2024.1\bin;C:\Users\DELL\AppData\Local\Programs\Microsoft VS Code\bin;C:\Users\DELL\Downloads\flutter_windows_3.24.0-stable\flutter\bin;C:\Program Files\JetBrains\IntelliJ IDEA 2024.2.0.2\bin;C:\Users\DELL\AppData\Local\Pub\Cache\bin;C:\Users\DELL\Downloads\flutter_windows_3.29.2-stable\flutter\bin;C:\Users\DELL\AppData\Local\Programs\cursor\resources\app\bin;C:\Users\DELL\.dotnet\tools;C:\Users\DELL\AppData\Local\Microsoft\WindowsApps;C:\Users\DELL\AppData\Roaming\npm;C:\Program Files\nodejs\;C:\Program Files\JetBrains\IntelliJ IDEA 2025.2.1\bin
USERNAME=DELL
OS=Windows_NT
PROCESSOR_IDENTIFIER=Intel64 Family 6 Model 141 Stepping 1, GenuineIntel
TMP=C:\Users\DELL\AppData\Local\Temp
TEMP=C:\Users\DELL\AppData\Local\Temp




Periodic native trim disabled

---------------  S Y S T E M  ---------------

OS:
 Windows 11 , 64 bit Build 26100 (10.0.26100.4768)
OS uptime: 1 days 11:04 hours

CPU: total 12 (initial active 12) (6 cores per cpu, 2 threads per core) family 6 model 141 stepping 1 microcode 0x56, cx8, cmov, fxsr, ht, mmx, 3dnowpref, sse, sse2, sse3, ssse3, sse4.1, sse4.2, popcnt, lzcnt, tsc, tscinvbit, avx, avx2, aes, erms, clmul, bmi1, bmi2, adx, avx512f, avx512dq, avx512cd, avx512bw, avx512vl, sha, fma, vzeroupper, avx512_vpopcntdq, avx512_vpclmulqdq, avx512_vaes, avx512_vnni, clflush, clflushopt, clwb, avx512_vbmi2, avx512_vbmi, rdtscp, rdpid, fsrm, gfni, avx512_bitalg, f16c, pku, cet_ibt, cet_ss, avx512_ifma
Processor Information for all 12 processors :
  Max Mhz: 2688, Current Mhz: 2688, Mhz Limit: 2688

Memory: 4k page, system-wide physical 7918M (737M free)
TotalPageFile size 15418M (AvailPageFile size 6M)
current process WorkingSet (physical memory assigned to process): 161M, peak: 161M
current process commit charge ("private bytes"): 209M, peak: 257M

vm_info: Java HotSpot(TM) 64-Bit Server VM (21.0.4+8-LTS-274) for windows-amd64 JRE (21.0.4+8-LTS-274), built on 2024-06-05T05:23:33Z by "mach5one" with MS VC++ 17.6 (VS2022)

END.
